[www.komchadluek.net/kom-lifestyle/beauty/563246.html]
[www.komchadluek.net/_next/static/css/4c1dccad81668fa3.css]
[www.komchadluek.net/_next/static/chunks/webpack-5e6ffd4a13a663a5.js]
[www.komchadluek.net/_next/static/chunks/fd9d1056-721ea3a2698d9a80.js]
[www.komchadluek.net/_next/static/chunks/2117-89a1537de22808ca.js]
[www.komchadluek.net/_next/static/chunks/main-app-5294d1645fe5526e.js]
[www.komchadluek.net/_next/static/chunks/1595-027b58f97a6495d3.js]
[www.komchadluek.net/_next/static/chunks/app/[cid]/[contentId]/layout-d5ee770738afe3cf.js]
[www.komchadluek.net/_next/static/chunks/app/[cid]/[contentId]/error-0a26aed6176549b0.js]
[www.komchadluek.net/_next/static/chunks/app/[cid]/[contentId]/loading-b1941a4e3a91f05f.js]
[www.komchadluek.net/_next/static/chunks/app/[cid]/layout-d36d47482802cd72.js]
[www.komchadluek.net/_next/static/chunks/app/[cid]/error-8ba4b21015c52cfc.js]
[www.komchadluek.net/_next/static/chunks/e37a0b60-3cf806d9494e43c7.js]
[www.komchadluek.net/_next/static/chunks/8e1d74a4-89248511a387c1c7.js]
[www.komchadluek.net/_next/static/chunks/0e762574-ff83b5f0ff619115.js]
[www.komchadluek.net/_next/static/chunks/94730671-e9b15705ae3b62eb.js]
[www.komchadluek.net/_next/static/chunks/3d47b92a-a130ab8cf6d71c26.js]
[www.komchadluek.net/_next/static/chunks/66ec4792-c4d0bb978381500c.js]
[www.komchadluek.net/_next/static/chunks/2152724d-73869a2906e76218.js]
[www.komchadluek.net/_next/static/chunks/3887ad7c-bd90c285f1fe7018.js]
[www.komchadluek.net/_next/static/chunks/82da5629-cf944d1b29cab0ef.js]
[www.komchadluek.net/_next/static/chunks/c30bad9d-4bbda35a82c7b3a9.js]
[www.komchadluek.net/_next/static/chunks/6a9f6857-b2c3e4e5656eef0b.js]
[www.komchadluek.net/_next/static/chunks/e56799a2-c7d36eac74583a0a.js]
[www.komchadluek.net/_next/static/chunks/976ffcfc-e60a05ec8363e3a2.js]
[www.komchadluek.net/_next/static/chunks/1956-dcf89570c17cc01f.js]
[www.komchadluek.net/_next/static/chunks/764-af1d9a62aba4b0a6.js]
[www.komchadluek.net/_next/static/chunks/7242-9462e080d4729bee.js]
[www.komchadluek.net/_next/static/chunks/6434-f1ba83ef6f4d8ff1.js]
[www.komchadluek.net/_next/static/chunks/6315-736a717789131d8f.js]
[www.komchadluek.net/_next/static/chunks/2178-3a786f5efff63855.js]
[www.komchadluek.net/_next/static/chunks/6406-56906901cbcdbd05.js]
[www.komchadluek.net/_next/static/chunks/3390-6202fe021aa38cd6.js]
[www.komchadluek.net/_next/static/chunks/7804-5568357a39b53eb4.js]
[www.komchadluek.net/_next/static/chunks/7562-64ba588f3e183fbc.js]
[www.komchadluek.net/_next/static/chunks/5369-3951b0d1ea662c2b.js]
[www.komchadluek.net/_next/static/chunks/8275-ba96c64af402213a.js]
[www.komchadluek.net/_next/static/chunks/app/layout-575297fc707436a9.js]
[www.komchadluek.net/_next/static/chunks/app/error-c15e61c43a5efe63.js]
[www.komchadluek.net/_next/static/chunks/5e22fd23-954e10ababc71206.js]
[www.komchadluek.net/_next/static/chunks/ee560e2c-db0d63c72aabe7b0.js]
[www.komchadluek.net/_next/static/chunks/4581-a0b6da8faab8d6ba.js]
[www.komchadluek.net/_next/static/chunks/7078-e425846332e13961.js]
[www.komchadluek.net/_next/static/chunks/app/not-found-e98a4a36cb3c16a4.js]
[www.komchadluek.net/_next/static/chunks/2928-49cd29b61470dacb.js]
[www.komchadluek.net/_next/static/chunks/6851-5b07ef5fa0c2e1fa.js]
[www.komchadluek.net/_next/static/chunks/8813-3a474d8532f96ce8.js]
[www.komchadluek.net/_next/static/chunks/app/[cid]/[contentId]/page-cfec9576337636c8.js]
[www.komchadluek.net/_next/static/chunks/f8025e75-c6238348372cf844.js]
[www.komchadluek.net/_next/static/chunks/5534-15b0e1b6cf3b023a.js]
[www.komchadluek.net/_next/static/chunks/7050-e85ca2efbea9d54e.js]
[www.komchadluek.net/_next/static/chunks/8482-1c1730a1754285b4.js]
[www.komchadluek.net/_next/static/chunks/4353-040890bb6f9326ee.js]
[www.komchadluek.net/_next/static/chunks/app/page-b27745ed6397628c.js]
[thapi.aedi.ai/common/js/v1/aedi-komchadluek.js]
[www.googletagmanager.com/gtmff78.js]
[www.instagram.com/embed.js]
[sf16-website-login.neutral.ttwstatic.com/obj/tiktok_web_login_static/tiktok/falcon/embed/embed_v1.0.13.js]
[platform.twitter.com/widgets.js]
[connect.facebook.net/en_US/sdk.js]
[backblue.gif]
[fade.gif]
[index.html]
[media.komchadluek.net/images/logo-apple-touch.png]
[www.komchadluek.net/_next/static/chunks/polyfills-42372ed130431b0a.js]
[media.komchadluek.net/images/logo_sonp7312b.png]
[www.komchadluek.net/marfeel-sdk5445.html]
[www.komchadluek.net/kom-lifestyle/beauty/563246.html]
[www.komchadluek.net/marfeel-sdk.es55445.html]
[www.komchadluek.net/_next/static/media/ajax-loader.0b80f665.gif]
[www.komchadluek.net/_next/static/css/4c1dccad81668fa3.css]
[lvs.truehits.in.th/dataa/m0023375.js]
[www.instagram.com/embed.js]
[connect.facebook.net/en_US/sdk.js]
[www.komchadluek.net/_next/static/media/55190bc973e13381-s.p.woff2]
[www.komchadluek.net/_next/static/media/d96d6f132d480db9-s.p.woff2]
[www.komchadluek.net/_next/static/media/e9fcf2a736cc2865-s.p.woff2]
[www.komchadluek.net/_next/static/chunks/app/[cid]/loading-b94c200b4f3ba636.js]
[www.komchadluek.net/_next/static/chunks/2166-e38bcb1e9e0788b4.js]
[www.komchadluek.net/_next/static/chunks/app/[cid]/page-c6154e6e299b1112.js]
[www.komchadluek.net/manifest.webmanifest]
[www.komchadluek.net/marfeel-sdk5445.html]
[www.komchadluek.net/marfeel-sdk.es55445.html]
[www.komchadluek.net/kom-lifestyle/beauty/goggen.html]
[www.komchadluek.net/kom-lifestyle/beauty/state1e6.html]
[www.komchadluek.net/kom-lifestyle/beauty/chrome-extension_/index.html]
[www.komchadluek.net/favicon.ico]
[www.komchadluek.net/kom-lifestyle/beauty/$1/index.html]
[www.komchadluek.net/kom-lifestyle/beauty/$1.html]
[www.komchadluek.net/kom-lifestyle/beauty/embed/index.html]
[www.komchadluek.net/kom-lifestyle/beauty/embed.html]
[www.komchadluek.net/kom-lifestyle/beauty/captioned/index.html]
[www.komchadluek.net/kom-lifestyle/beauty/$1.html]
[www.komchadluek.net/kom-lifestyle/beauty/embed.html]
[www.komchadluek.net/kom-lifestyle/beauty/captioned.html]
[www.komchadluek.net/kom-lifestyle/beauty/captioned.html]
